
Madonna version 3.4 (compiled Tue, 01 Nov 2016 14:38:16 on linux-2.6-i686)

<<<<<<< HEAD
reading circuit "draw(draw(test))" ...done
=======
reading circuit "posnew(posnew(test))" ...done
>>>>>>> 7699a281e68ac2cee89701c9f3e3c7d6ab0f6980

Kissing madonna hello...

Reading image description file "/data/public/common/software/nelsis/20161101_32/share/lib/celllibs/fishbone/image.seadif"...


<<<<<<< HEAD
------ net distribution (total #nets = 93):
        0..1     2     3     4     5     6     7 8..10 11..20  >20

           0    60    14    11     5     0     1     0     0     2

------ partitioning 72 cells into (hor x vert) = (9 x 3) partitions

------ requested grid points = (72, 84)

------ cost@start = 942, cost@end = 663, moves = 83
------ cost@start = 663, cost@end = 610, moves = 74
------ cost@start = 610, cost@end = 576, moves = 66
------ cost@start = 576, cost@end = 568, moves = 72
------ cost@start = 568, cost@end = 568, moves = 68
------ 77 nets have to be routed on a 17 x 5 global grid
     + routing net n31 (2 terminals):  weight = 200
     + routing net n32 (2 terminals):  weight = 200
     + routing net n33 (2 terminals):  weight = 214
     + routing net n34 (2 terminals):  weight = 210
     + routing net n35 (2 terminals):  weight = 200
     + routing net n36 (2 terminals):  weight = 204
     + routing net n37 (2 terminals):  weight = 210
     + routing net n38 (3 terminals):  weight = 402
     + routing net n39 (2 terminals):  weight = 204
     + routing net n41 (2 terminals):  weight = 204
     + routing net n42 (2 terminals):  weight = 206
     + routing net n43 (2 terminals):  weight = 202
     + routing net n44 (3 terminals):  weight = 412
     + routing net n45 (2 terminals):  weight = 200
     + routing net y_input_5_0_4 (2 terminals):  weight = 202
     + routing net n46 (2 terminals):  weight = 202
     + routing net n47 (2 terminals):  weight = 206
     + routing net n48 (5 terminals):  weight = 800
     + routing net n49 (4 terminals):  weight = 602
     + routing net position_5_0_3 (3 terminals):  weight = 400
     + routing net n51 (2 terminals):  weight = 216
     + routing net x_input_6_0_1 (2 terminals):  weight = 200
     + routing net n52 (5 terminals):  weight = 812
     + routing net n53 (2 terminals):  weight = 206
     + routing net n54 (2 terminals):  weight = 210
     + routing net n55 (2 terminals):  weight = 204
     + routing net x_input_6_0_2 (2 terminals):  weight = 204
     + routing net x_input_6_0_0 (2 terminals):  weight = 200
     + routing net y_input_5_0_2 (2 terminals):  weight = 204
     + routing net n56 (2 terminals):  weight = 204
     + routing net n57 (2 terminals):  weight = 200
     + routing net n58 (3 terminals):  weight = 410
     + routing net n59 (4 terminals):  weight = 610
     + routing net position_5_0_2 (2 terminals):  weight = 204
     + routing net n60 (2 terminals):  weight = 204
     + routing net n61 (3 terminals):  weight = 400
     + routing net n62 (2 terminals):  weight = 206
     + routing net n63 (3 terminals):  weight = 400
     + routing net position_5_0_1 (5 terminals):  weight = 804
     + routing net position_5_0_0 (2 terminals):  weight = 200
     + routing net n64 (2 terminals):  weight = 202
     + routing net n65 (2 terminals):  weight = 202
     + routing net n66 (2 terminals):  weight = 206
     + routing net n67 (2 terminals):  weight = 200
     + routing net n68 (2 terminals):  weight = 204
     + routing net n69 (2 terminals):  weight = 200
     + routing net n70 (3 terminals):  weight = 404
     + routing net n71 (3 terminals):  weight = 404
     + routing net n72 (3 terminals):  weight = 414
     + routing net n73 (2 terminals):  weight = 204
     + routing net n74 (2 terminals):  weight = 202
     + routing net n75 (3 terminals):  weight = 406
     + routing net n76 (2 terminals):  weight = 206
     + routing net n77 (2 terminals):  weight = 202
     + routing net y_input_5_0_1 (3 terminals):  weight = 404
     + routing net n78 (2 terminals):  weight = 204
     + routing net n79 (4 terminals):  weight = 600
     + routing net n80 (2 terminals):  weight = 204
     + routing net n82 (2 terminals):  weight = 200
     + routing net n83 (2 terminals):  weight = 200
     + routing net n84 (2 terminals):  weight = 204
     + routing net n85 (2 terminals):  weight = 200
     + routing net n86 (3 terminals):  weight = 406
     + routing net n87 (2 terminals):  weight = 204
     + routing net n88 (2 terminals):  weight = 200
     + routing net n89 (2 terminals):  weight = 212
     + routing net n90 (2 terminals):  weight = 202
     + routing net n91 (2 terminals):  weight = 202
     + routing net n92 (2 terminals):  weight = 212
     + routing net n93 (4 terminals):  weight = 604
     + routing net n94 (2 terminals):  weight = 200
     + routing net n95 (2 terminals):  weight = 200
     + routing net n96 (2 terminals):  weight = 200
     + routing net n97 (2 terminals):  weight = 202
     + routing net n98 (2 terminals):  weight = 208
     + routing net n99 (2 terminals):  weight = 200
     + routing net n100 (2 terminals):  weight = 202

------ Routed 77 nets, total weight = 21504



------ Detailed placement of (Tmp_Cell_(draw(draw(test))))...
------ Reading input data
------ Creating temporary data structures
------ Placement plane size : [72:84]
------ Doing placement 
------ Compacting  

         5  column[s] deleted.

         Magnification coefficient obtained :0.652629
=======
------ net distribution (total #nets = 43):
        0..1     2     3     4     5     6     7 8..10 11..20  >20

           0    27     8     4     0     0     2     0     0     2

------ partitioning 34 cells into (hor x vert) = (7 x 2) partitions

------ requested grid points = (49, 56)

------ cost@start = 303, cost@end = 210, moves = 32
------ cost@start = 210, cost@end = 185, moves = 29
------ cost@start = 185, cost@end = 145, moves = 20
------ cost@start = 145, cost@end = 145, moves = 6
------ 21 nets have to be routed on a 13 x 3 global grid
     + routing net n8 (12 terminals):  weight = 2200
     + routing net n9 (12 terminals):  weight = 2200
     + routing net button (3 terminals):  weight = 404
     + routing net n11 (6 terminals):  weight = 908
     + routing net r61_n7 (2 terminals):  weight = 200
     + routing net position_old_5_0_1 (2 terminals):  weight = 200
     + routing net r61_n25 (2 terminals):  weight = 202
     + routing net r61_n23 (2 terminals):  weight = 204
     + routing net r61_n5 (2 terminals):  weight = 200
     + routing net r61_n6 (2 terminals):  weight = 200
     + routing net r61_n20 (2 terminals):  weight = 200
     + routing net r61_n22 (2 terminals):  weight = 200
     + routing net r61_n21 (2 terminals):  weight = 202
     + routing net r61_n18 (2 terminals):  weight = 200
     + routing net position_old_5_0_3 (2 terminals):  weight = 200
     + routing net r61_n12 (3 terminals):  weight = 400
     + routing net position_old_5_0_4 (2 terminals):  weight = 200
     + routing net r61_n10 (2 terminals):  weight = 200
     + routing net r61_n11 (2 terminals):  weight = 200
     + routing net r61_n8 (2 terminals):  weight = 204
     + routing net r61_n9 (2 terminals):  weight = 200

------ Routed 21 nets, total weight = 9324



------ Detailed placement of (Tmp_Cell_(posnew(posnew(test))))...
------ Reading input data
------ Creating temporary data structures
------ Placement plane size : [49:56]
------ Doing placement 
------ Compacting  

         1  column[s] deleted.

         Magnification coefficient obtained :0.633333
>>>>>>> 7699a281e68ac2cee89701c9f3e3c7d6ab0f6980

------ Writing created layout to database
Kissing madonna good bye...

Madonna took 0.0 seconds of your cpu
terminate
