------ opening nelsis ------
------ reading image description file '/data/public/common/software/nelsis/20161101_32/share/lib/celllibs/fishbone/image.seadif' ------
------ opening seadif ------
WARNING: Seadif file "/home/mapostma/Documents/EPO3 Github/epo3biem/test/seadif/sealib2.sdf" is not a magic cookie (skipped).

Warning: A new sealib will be generated: 'test2'
         This indicates most likeley that the project was renamed.
Warning: A new sealib will be generated: 'test3'
         This indicates most likeley that the project was renamed.
Warning: A new sealib will be generated: 'test4'
         This indicates most likeley that the project was renamed.
Warning: A new sealib will be generated: 'test5'
         This indicates most likeley that the project was renamed.
Warning: A new sealib will be generated: 'test6'
         This indicates most likeley that the project was renamed.
Warning: A new sealib will be generated: 'test7'
         This indicates most likeley that the project was renamed.
Warning: A new sealib will be generated: 'test8'
         This indicates most likeley that the project was renamed.
Warning: A new sealib will be generated: 'test9'
         This indicates most likeley that the project was renamed.
Warning: A new sealib will be generated: 'test10'
         This indicates most likeley that the project was renamed.
------ checking your circuit 'divider' ------
------ reading nelsis circuit-cell 'divider' ------
WARNING: Zero terminal net: 'tick_port' (cell 'divider')
------ writing nelsis 'divider' as sdfcir 'divider(divider(test10)) ------
------ input check seems good enough: calling placer ------
calling program: madonna -l test10 -f divider -c divider -o Tmp_Cell_ -ex divider
------ madonna successful ------
------ converting result back into nelsis as cell 'Tmpnoname13661' ------
calling program: nelsea -rLH -f divider -c divider -l Tmp_Cell_ Tmpnoname13661
ERROR: reverse conversion of placed/routed cell
       from seadif back to nelsis failed
       Exit status: 9
lock
